Collected 1 tests (test_spec_review)

Processing test_spec_review in native-spec-review-sanitized environment
--------------------------------------------------------------------------------
Building...


Testing...
src/ffb_force_calculator.cpp:163:80: runtime error: load of misaligned address 0x00016ee7628d for type 'const float', which requires 4 byte alignment
0x00016ee7628d: note: pointer points here
 ff 3f 00 00 00 fc 7f  46 00 00 00 00 00 fe ff  46 00 00 00 00 00 fe ff  46 00 00 00 00 00 00 00  00
             ^ 
SUMMARY: UndefinedBehaviorSanitizer: undefined-behavior src/ffb_force_calculator.cpp:163:80 
src/ffb_force_calculator.cpp:163:92: runtime error: load of misaligned address 0x00016ee762bd for type 'const float', which requires 4 byte alignment
0x00016ee762bd: note: pointer points here
 00 00 00 00 00 fe ff  46 00 fe ff 46 00 fe ff  46 00 fe ff 46 00 fe ff  46 00 fe ff 46 bb bb b6  10
             ^ 
SUMMARY: UndefinedBehaviorSanitizer: undefined-behavior src/ffb_force_calculator.cpp:163:92 
/tmp/sunffb-spec-review/test/test_spec_review/test_main.cpp:31:condition_center_must_use_descriptor_scale:FAIL: Values Not Within Delta 1 Expected 0 Was 10000
/tmp/sunffb-spec-review/test/test_spec_review/test_main.cpp:35:condition_deadband_must_use_descriptor_scale:FAIL: Values Not Within Delta 2 Expected -2500 Was 0
/tmp/sunffb-spec-review/test/test_spec_review/test_main.cpp:39:saturation_follows_metric_side_even_with_negative_coefficient:FAIL: Expected 2000 Was 3000
/tmp/sunffb-spec-review/test/test_spec_review/test_main.cpp:44:button_release_must_not_cancel_started_playback:FAIL: Expected -4000 Was 0
/tmp/sunffb-spec-review/test/test_spec_review/test_main.cpp:48:pid_state_must_identify_second_effect_transition:FAIL: Expected 5 Was 3
/tmp/sunffb-spec-review/test/test_spec_review/test_main.cpp:52:stopped_pid_state_must_keep_the_effect_handle:FAIL: Expected 2 Was 0
/tmp/sunffb-spec-review/test/test_spec_review/test_main.cpp:57:disabled_actuators_must_still_advance_effect_lifecycle:FAIL: Expected 0 Was 2
/tmp/sunffb-spec-review/test/test_spec_review/test_main.cpp:61:condition_sample_period_must_hold_output_between_samples:FAIL: Expected 0 Was -10000
/tmp/sunffb-spec-review/test/test_spec_review/test_main.cpp:65:zero_sustain_periodic_effect_must_apply_attack_amplitude:FAIL: Expected -4000 Was 0
/tmp/sunffb-spec-review/test/test_spec_review/test_main.cpp:69:direction_enable_is_not_a_coordinate_format_selector:FAIL: Expected 4000 Was 0
src/ffb_force_calculator.cpp:132:80: runtime error: load of misaligned address 0x00016ee761ed for type 'const float', which requires 4 byte alignment
0x00016ee761ed: note: pointer points here
 ff 7f ff 7f 00 fe ff  46 00 fe ff 46 00 fe ff  46 00 fe ff 46 00 fe ff  46 00 fe ff 46 00 00 00  00
             ^ 
SUMMARY: UndefinedBehaviorSanitizer: undefined-behavior src/ffb_force_calculator.cpp:132:80 
src/ffb_force_calculator.cpp:132:92: runtime error: load of misaligned address 0x00016ee7621d for type 'const float', which requires 4 byte alignment
0x00016ee7621d: note: pointer points here
 00 00 00 00 00 fe ff  46 00 fe ff 46 00 fe ff  46 00 fe ff 46 00 fe ff  46 00 fe ff 46 00 00 00  10
             ^ 
SUMMARY: UndefinedBehaviorSanitizer: undefined-behavior src/ffb_force_calculator.cpp:132:92 
/tmp/sunffb-spec-review/test/test_spec_review/test_main.cpp:74:directed_condition_must_ignore_stale_second_axis_block:FAIL: Expected 0 Was -7000
src/ffb_force_calculator.cpp:232:77: runtime error: load of misaligned address 0x00016ee762c5 for type 'const float', which requires 4 byte alignment
0x00016ee762c5: note: pointer points here
 00 fe ff 46 00 fe ff  46 00 fe ff 46 00 fe ff  46 00 fe ff 46 00 00 00  10 27 00 00 00 00 00 00  00
             ^ 
SUMMARY: UndefinedBehaviorSanitizer: undefined-behavior src/ffb_force_calculator.cpp:232:77 
src/ffb_force_calculator.cpp:238:32: runtime error: load of misaligned address 0x00016ee76295 for type 'const float', which requires 4 byte alignment
0x00016ee76295: note: pointer points here
 00 00 2d 43 00 40 1c  46 00 28 87 46 00 fe ff  46 00 fe ff 46 00 00 00  00 00 00 00 00 00 00 00  00
             ^ 
SUMMARY: UndefinedBehaviorSanitizer: undefined-behavior src/ffb_force_calculator.cpp:238:32 
/tmp/sunffb-spec-review/test/test_spec_review/test_main.cpp:78:directed_friction_must_not_resist_perpendicular_motion:FAIL: Values Not Within Delta 2 Expected 0 Was -3169
/tmp/sunffb-spec-review/test/test_spec_review/test_main.cpp:82:infinite_periodic_effect_must_preserve_phase_after_hours:FAIL: Values Not Within Delta 1 Expected 0 Was -313
/tmp/sunffb-spec-review/test/test_spec_review/test_main.cpp:86:motion_metrics_pointer_must_have_float_alignment:FAIL: Expected 0 Was 1
/tmp/sunffb-spec-review/test/test_spec_review/test_main.cpp:106:reset_is_enabled_as_required_by_hid_pid_not_directinput_api:PASS

-----------------------
15 Tests 14 Failures 0 Ignored 
FAIL

--- native-spec-review-sanitized:test_spec_review [FAILED] Took 1.06 seconds ---

=================================== SUMMARY ===================================
Environment                   Test              Status    Duration
----------------------------  ----------------  --------  ------------
esp32-s3                      test_spec_review  SKIPPED
native                        test_spec_review  SKIPPED
native-axis1                  test_spec_review  SKIPPED
native-axis3                  test_spec_review  SKIPPED
esp32-s3-axis1                test_spec_review  SKIPPED
esp32-s3-axis3                test_spec_review  SKIPPED
esp32-s3-serial               test_spec_review  SKIPPED
native-sanitized              test_spec_review  SKIPPED
native-sanitized-axis1        test_spec_review  SKIPPED
native-sanitized-axis3        test_spec_review  SKIPPED
esp32-s2                      test_spec_review  SKIPPED
esp32-s2-axis1                test_spec_review  SKIPPED
esp32-s2-axis3                test_spec_review  SKIPPED
esp32-s2-serial               test_spec_review  SKIPPED
esp32-s2-timing               test_spec_review  SKIPPED
esp32-s3-timing               test_spec_review  SKIPPED
esp32-s2-force500             test_spec_review  SKIPPED
esp32-s3-lcd                  test_spec_review  SKIPPED
esp32-s2-lcd                  test_spec_review  SKIPPED
native-spec-review            test_spec_review  SKIPPED
native-spec-review-sanitized  test_spec_review  FAILED    00:00:01.055

________________ native-spec-review-sanitized:test_spec_review ________________
/tmp/sunffb-spec-review/test/test_spec_review/test_main.cpp:31:condition_center_must_use_descriptor_scale:FAIL: Values Not Within Delta 1 Expected 0 Was 10000

/tmp/sunffb-spec-review/test/test_spec_review/test_main.cpp:35:condition_deadband_must_use_descriptor_scale:FAIL: Values Not Within Delta 2 Expected -2500 Was 0

/tmp/sunffb-spec-review/test/test_spec_review/test_main.cpp:39:saturation_follows_metric_side_even_with_negative_coefficient:FAIL: Expected 2000 Was 3000

/tmp/sunffb-spec-review/test/test_spec_review/test_main.cpp:44:button_release_must_not_cancel_started_playback:FAIL: Expected -4000 Was 0

/tmp/sunffb-spec-review/test/test_spec_review/test_main.cpp:48:pid_state_must_identify_second_effect_transition:FAIL: Expected 5 Was 3

/tmp/sunffb-spec-review/test/test_spec_review/test_main.cpp:52:stopped_pid_state_must_keep_the_effect_handle:FAIL: Expected 2 Was 0

/tmp/sunffb-spec-review/test/test_spec_review/test_main.cpp:57:disabled_actuators_must_still_advance_effect_lifecycle:FAIL: Expected 0 Was 2

/tmp/sunffb-spec-review/test/test_spec_review/test_main.cpp:61:condition_sample_period_must_hold_output_between_samples:FAIL: Expected 0 Was -10000

/tmp/sunffb-spec-review/test/test_spec_review/test_main.cpp:65:zero_sustain_periodic_effect_must_apply_attack_amplitude:FAIL: Expected -4000 Was 0

/tmp/sunffb-spec-review/test/test_spec_review/test_main.cpp:69:direction_enable_is_not_a_coordinate_format_selector:FAIL: Expected 4000 Was 0

/tmp/sunffb-spec-review/test/test_spec_review/test_main.cpp:74:directed_condition_must_ignore_stale_second_axis_block:FAIL: Expected 0 Was -7000

/tmp/sunffb-spec-review/test/test_spec_review/test_main.cpp:78:directed_friction_must_not_resist_perpendicular_motion:FAIL: Values Not Within Delta 2 Expected 0 Was -3169

/tmp/sunffb-spec-review/test/test_spec_review/test_main.cpp:82:infinite_periodic_effect_must_preserve_phase_after_hours:FAIL: Values Not Within Delta 1 Expected 0 Was -313

/tmp/sunffb-spec-review/test/test_spec_review/test_main.cpp:86:motion_metrics_pointer_must_have_float_alignment:FAIL: Expected 0 Was 1

============ 15 test cases: 14 failed, 1 succeeded in 00:00:01.055 ============
